/buildings/host-student-apartments/ /locations/birmingham/host-student-apartments/;
/rooms/deluxe-en-suite/ /locations/birmingham/host-student-apartments/deluxe-en-suite/;
/buildings/the-metalworks/ /locations/birmingham/the-metalworks/;
/rooms/2-bed-flat/ /locations/birmingham/the-metalworks/2-bed-flat/;
/rooms/compact-studio/ /locations/birmingham/the-metalworks/compact-studio/;
/rooms/standard/ /locations/birmingham/the-metalworks/standard/;
/rooms/studio-bronze/ /locations/birmingham/the-metalworks/studio-bronze/;
/rooms/studio-gold/ /locations/birmingham/the-metalworks/studio-gold/;
/rooms/studio-silver/ /locations/birmingham/the-metalworks/studio-silver/;
/buildings/king-square-studios/ /locations/bristol/king-square-studios/;
/rooms/dual-occupancy-studio/ /locations/bristol/king-square-studios/dual-occupancy-studio/;
/rooms/dual-occupancy-studio-large/ /locations/bristol/king-square-studios/dual-occupancy-studio-large/;
/rooms/extra-large-plus-studio/ /locations/bristol/king-square-studios/extra-large-plus-studio/;
/rooms/extra-large-studio-2/ /locations/bristol/king-square-studios/extra-large-studio-2/;
/rooms/large-plus-studio-2/ /locations/bristol/king-square-studios/large-plus-studio-2/;
/rooms/large-studio-2/ /locations/bristol/king-square-studios/large-studio-2/;
/rooms/premium-studio-plus/ /locations/bristol/king-square-studios/premium-studio-plus/;
/rooms/studio-bath-plus/ /locations/bristol/king-square-studios/studio-bath-plus/;
/rooms/studio-with-bath/ /locations/bristol/king-square-studios/studio-with-bath/;
/rooms/twodio/ /locations/bristol/king-square-studios/twodio/;
/buildings/shand-house/ /locations/cardiff/shand-house/;
/rooms/2-bed-basic/ /locations/cardiff/shand-house/2-bed-basic/;
/rooms/2-bed-standard/ /locations/cardiff/shand-house/2-bed-standard/;
/rooms/4-bed-standard/ /locations/cardiff/shand-house/4-bed-standard/;
/rooms/6-bed-deluxe/ /locations/cardiff/shand-house/6-bed-deluxe/;
/rooms/6-bed-standard/ /locations/cardiff/shand-house/6-bed-standard/;
/rooms/studio-3/ /locations/cardiff/shand-house/studio-3/;
/rooms/studio-deluxe/ /locations/cardiff/shand-house/studio-deluxe/;
/buildings/fontessa-house/ /locations/chester/fontessa-house;
/rooms/accessible-studio/ /locations/chester/fontessa-house/accessible-studio/;
/rooms/premier-studio-3/ /locations/chester/fontessa-house/premier-studio-3/;
/rooms/premium-en-suite-2/ /locations/chester/fontessa-house/premium-en-suite-2/;
/rooms/standard-en-suite-2/ /locations/chester/fontessa-house/standard-en-suite-2/;
/rooms/studio-2/ /locations/chester/fontessa-house/studio-2/;
/buildings/the-apollo-works/ /locations/coventry/the-apollo-works/;
/rooms/cluster-bedroom/ /locations/coventry/the-apollo-works/cluster-bedroom/;
/rooms/studio-4/ /locations/coventry/the-apollo-works/studio-4/;
/buildings/the-printworks/ /locations/exeter/the-printworks/;
/rooms/1-bedroom-apartment/ /locations/exeter/the-printworks/1-bedroom-apartment/;
/rooms/basic-en-suite/ /locations/exeter/the-printworks/basic-en-suite/;
/rooms/classic-en-suite-2/ /locations/exeter/the-printworks/classic-en-suite-2/;
/rooms/classic-studio-2/ /locations/exeter/the-printworks/classic-studio-2/;
/rooms/courtyard-en-suite/ /locations/exeter/the-printworks/courtyard-en-suite/;
/rooms/premier-en-suite/ /locations/exeter/the-printworks/premier-en-suite/;
/rooms/premier-studio-2/ /locations/exeter/the-printworks/premier-studio-2/;
/rooms/premium-en-suite-5/ /locations/exeter/the-printworks/premium-en-suite-5/;
/buildings/the-foundry/ /locations/leeds/the-foundry/;
/rooms/deluxe-apartment/ /locations/leeds/the-foundry/deluxe-apartment/;
/rooms/deluxe-suite/ /locations/leeds/the-foundry/deluxe-suite/;
/rooms/executive-apartment-2/ /locations/leeds/the-foundry/executive-apartment-2/;
/rooms/executive-suite/ /locations/leeds/the-foundry/executive-suite/;
/rooms/premium-apartment/ /locations/leeds/the-foundry/premium-apartment/;
/rooms/premium-suite/ /locations/leeds/the-foundry/premium-suite/;
/buildings/the-glassworks/ /locations/leicester/the-glassworks/;
/rooms/executive-studio/ /locations/leicester/the-glassworks/executive-studio/;
/rooms/premium-en-suite-4/ /locations/leicester/the-glassworks/premium-en-suite-4/;
/rooms/premium-studio-2/ /locations/leicester/the-glassworks/premium-studio-2/;
/rooms/premium-studio-3/ /locations/birmingham/host-student-apartments/premium-studio-3/;
/rooms/two-bed-flat/ /locations/leicester/the-glassworks/two-bed-flat/;
/rooms/standard-en-suite-3/ /locations/leicester/the-glassworks/standard-en-suite-3/;
/rooms/standard-plus-studio/ /locations/leicester/the-glassworks/standard-plus-studio/;
/rooms/standard-studio/ /locations/leicester/the-glassworks/standard-studio/;
/buildings/hope-street/ /locations/liverpool/hope-street/;
/rooms/corner-studio/ /locations/liverpool/hope-street/corner-studio/;
/rooms/penthouse-studio/ /locations/liverpool/hope-street/penthouse-studio/;
/rooms/penthouse-studio-plus/ /locations/liverpool/hope-street/penthouse-studio-plus/;
/rooms/penthouse-ultra/ /locations/liverpool/hope-street/penthouse-ultra/;
/rooms/penthouse-ultra-plus/ /locations/liverpool/hope-street/penthouse-ultra-plus/;
/rooms/premier-en-suite-plus-13-bed-apartment/ /locations/liverpool/hope-street/premier-en-suite-plus-13-bed-apartment/;
/rooms/premier-en-suite-plus-7-bed-apartment/ /locations/liverpool/hope-street/premier-en-suite-plus-7-bed-apartment/;
/rooms/premier-en-suite-13-bed-apartment/ /locations/liverpool/hope-street/premier-en-suite-13-bed-apartment/;
/rooms/premier-en-suite-7-bed-apartment/ /locations/liverpool/hope-street/premier-en-suite-7-bed-apartment/;
/rooms/premier-studio/ /locations/liverpool/hope-street/premier-studio/;
/rooms/premier-studio-plus/ /locations/liverpool/hope-street/premier-studio-plus/;
/rooms/premier-studio-ultra/ /locations/liverpool/hope-street/premier-studio-ultra/;
/rooms/premier-studio-ultra-plus/ /locations/liverpool/hope-street/premier-studio-ultra-plus/;
/buildings/the-old-dairy/ /locations/plymouth/the-old-dairy/;
/rooms/classic-en-suite/ /locations/plymouth/the-old-dairy/classic-en-suite/;
/rooms/classic-studio/ /locations/plymouth/the-old-dairy/classic-studio/;
/rooms/premium-en-suite-3/ /locations/plymouth/the-old-dairy/premium-en-suite-3/;
/rooms/premium-studio/ /locations/plymouth/the-old-dairy/premium-studio/;
/buildings/denby-street/ /locations/sheffield/denby-street/;
/buildings/vincent-place/ /locations/southampton/vincent-place/;
/rooms/2tudio-apartment/ /locations/southampton/vincent-place/2tudio-apartment/;
/rooms/2tudio-apartment-upper/ /locations/southampton/vincent-place/2tudio-apartment-upper/;
/rooms/ambassador-penthouse/ /locations/southampton/vincent-place/ambassador-penthouse/;
/rooms/classic-apartment/ /locations/southampton/vincent-place/classic-apartment/;
/rooms/classic-apartment-lower/ /locations/southampton/vincent-place/classic-apartment-lower/;
/rooms/executive-apartment/ /locations/southampton/vincent-place/executive-apartment/;
/rooms/host-suite/ /locations/southampton/vincent-place/host-suite/;
/rooms/presidential-penthouse/ /locations/southampton/vincent-place/presidential-penthouse/;
/buildings/cambridge-cb1/ http://www.anglia.ac.uk/student-life/accommodation/apply-for-university-accommodation;
/buildings/frobisher-house/ https://www.plymouth.ac.uk/student-life/services/accommodation/halls/frobisher-house;
/buildings/kings-cross/ http://www.victoriahallkingscross.com/;
/buildings/lace-market-studios/ http://lacemarketstudios.co.uk/;
/buildings/one-penrhyn-road/ http://onepenrhynroad.london/;
/buildings/the-curve/ http://the-curve.london/;
/buildings/the-hive/ http://the-hive.london/;
/buildings/the-hub/ http://the-hub.london/;
/buildings/the-mews/ https://www.brookes.ac.uk/studying-at-brookes/accommodation/;
/buildings/glasgow/ https://www.truestudent.com/glasgow;
/buildings/wembley/ http://hostwembley.london/;
/buildings/paul-st-east/ http://www.paulsteast.com/;
/buildings/point-campus/ /locations/dublin/point-campus/;
