/f-a-q/ /faqs/;
/parent-guardian-information/ /faqs/;
/student-accommodation-london/ /locations/london/;
/blog/category/awards/ /news/nshs-national-student-housing-awards-2015/;
/chester-fontessa-house /buildings/fontessa-house/;
/blog/tag/cooking/ /news/;
/blog/tag/london/ /news/;
/blog/tag/accommodation/ /news/;
/blog/tag/student-survey/ /news/;
/blog/cooking-in-victoria-hall-liverpool-2/ /eating-on-a-budget/;
/blog/freshers-week/ /news/;
/blog/category/news/ /news/;
/cambridge-cb1/ /locations/cambridge/;
/blog/tag/victoria/ /news/;
/oxford-the-mews/ /buildings/the-mews/;
/blog/category/news/page/2/ /news/;
/oxford-the-mews/book-oxford-the-mews/ /buildings/the-mews/;
/cambridge-cb1/cambridge-gallery/ /buildings/cambridge-cb1/;
/oxford-the-mews/parent-guardian-information/ /buildings/the-mews/;
/blog/category/news/page/3/ /news/;
/blog/nshs-quality-mark-2011/ /news/nshs-national-student-housing-awards-2015/;
/blog/category/uncategorized/ /news/;
/student-accommodation-sheffield/ /locations/sheffield/;
/cambridge-cb1/portfolio/living-room/ /buildings/cambridge-cb1/;
/blog/victoria-hall-liverpools-sport-relief-day/ /news/;
/oxford-the-mews/contact-us/ /buildings/the-mews/;
/blog/category/awards/page/2/ /news/nshs-national-student-housing-awards-2015/;
/blog/tag/freshers-flu/ /news/;
/blog/working-through-your-studies/ /work-through-your-studies/;
/contact-us/ /contact/;
/blog/tag/studios/ /news/;
/blog/tag/students/ /news/;
/blog/tag/moving-out-checklist/ /news/;
/blog/moving-out-of-victoria-hall/ /news/;
/student-accommodation-manchester/ /locations/;
/oxford-the-mews/experience-vh/ /buildings/the-mews/;
/blog/awards-at-victoria-hall-liverpool-2/ /news/;
/manchester-ubs/ /locations/;
/blog/tag/leicester/ /news/;
/student-accommodation-nottingham/ /locations/nottingham/;
/blog/tag/victoria-hall/ /news/;
/manchester-ubs/cookie-policy/ /locations/;
/manchester-ubs/partners/ /locations/;
/manchester-ubs/investors/ /locations/;
/manchester-ubs/careers/ /locations/;
/blog/how-to-live-with-flatmates/ /news/;
/manchester-ubs/terms-conditions/ /locations/;
/blog/tag/hall/ /news/;
/blog/preparing-for-university/ /news/;
/blog/tag/2014/ /news/;
/london-southwark/ /locations/london/;
/blog/tag/newcastle/ /news/;
/blog/category/blog/ /news/;
/blog/national-student-housing-awards-2013/ /news/;
/london-southwark/getting-ready-for-uni-student-accommodation-london/ /locations/london/;
/london-southwark/contact-us/ /locations/london/;
/london-southwark/victoria-hall-locations/ /locations/london/;
/london-southwark/london-southwark-gallery/ /locations/london/;
/london-southwark/experience-vh-london/ /locations/london/;
/london-southwark/parent-guardian-information/ /locations/london/;
/blog/tag/england/ /news/;
/london-southwark/portfolio/reception-2/ https://host-students.com/locations/london/;
/london-southwark/portfolio/external-view/ https://host-students.com/locations/london/;
/blog/tag/new-year-s-resolutions/ /news/;
/cardiff /locations/cardiff/;
/cambridge-cb1/experience-vh/ /buildings/cambridge-cb1/;
/london-southwark/portfolio/courtyard-3/ https://host-students.com/locations/london/;
/victoria-hall-denby-street/ /buildings/denby-street/;
/blog/new-years-resolutions/ /i-resolute-to-not-making-resolutions/;
/cambridge-cb1/portfolio/floor-plan/ /buildings/cambridge-cb1/;
/cambridge-cb1/living-in-cambridge/ /buildings/cambridge-cb1/;
/blog/tag/birmingham/ /news/;
/student-accommodation-plymouth/ /locations/plymouth/;
/london-southwark/portfolio/tv-rooms-2/ https://host-students.com/locations/london/;
/blog/nshs-national-student-housing-awards-2015/ /news/nshs-national-student-housing-awards-2015/;
/blog/tag/private-hall-provider/ /news/;
/awards/ /about/;
/blog/tag/private-hall-provider/page/2/ /news/;
/oxford-the-mews/getting-ready-for-uni/ /buildings/the-mews/;
/london-southwark/student-info/ /locations/london/;
/blog/tag/halls-of-residence/ /news/;
/london-southwark/portfolio/premium-studio/ /locations/london/;
/blog/national-student-housing-survey-did-you-make-your-mark/ /news/;
/blog/halloween-car-wash-raises-cash-for-firefighters/ /news/;
/cambridge-cb1/victoria-hall-locations/ /buildings/cambridge-cb1/;
/blog/tag/liverpool/ /news/;
/wolverhampton /locations/birmingham/;
/london-southwark/overseas-students/ /locations/london/;
/manchester-ubs/student-info/ /locations/;
/blog/tag/time-to-move-out/ /news/;
/blog/tag/student/ /news/;
/studying-abroad-international-students/ /overseas-students/;
/london-southwark/summer-stays/ /locations/london/;
/cambridge-cb1/parent-guardian-information/ /buildings/cambridge-cb1/;
/blog/student-finance/ /news/;
/manchester-hcs/ /locations/;
/newcastle/ /locations/;
/exeter/ /locations/exeter/;
/manchester-hcs/summer-stays/ /locations/;
/manchester-hcs/contact-us/ /locations/;
/exeter/summer-stays/ /locations/exeter/;
/newcastle/experience-vh-newcastle/ /locations/;
/manchester-hcs/victoria-hall-locations/ /locations/;
/newcastle/summer-stays/ /locations/;
/manchester-hcs/overseas-students/ /locations/;
/manchester-hcs/getting-ready-for-uni/ /locations/;
/newcastle/living-in-newcastle/ /locations/;
/exeter/f-a-q/ /locations/exeter/;
/newcastle/student-info/ /locations/;
/manchester-hcs/student-info/ /locations/;
/newcastle/book-student-accommodation-newcastle/ /locations/;
/london-southwark/living-in-london-southwark/ /locations/london/;
/london-southwark/cookie-policy/ /locations/london/;
/location-map/ /locations/;
/student-info/ /faqs/;
/blog/acclaim-for-our-london-student-accommodation/ /news/;
/london-southwark/book-london/ /locations/london/;
/Newcastle /locations/;
/blog/tag/nshs/ /news/nshs-national-student-housing-awards-2015/;
/manchester-ubs/experience-vh /locations/;
/london-southwark/virtual-tour/ /locations/london/;
/newcastle/victoria-hall-locations/ /locations/;
/london-southwark/portfolio/view-16-360-view/ /locations/london/;
/blog/category/events/ /news/;
/blog/tag/travel-and-tourism/ /news/;
/london-southwark/portfolio/view-9-360-view/ /locations/london/;
/london-southwark/portfolio/view-14-360-view/ /locations/london/;
/london-southwark/portfolio/view-11-360-view/ /locations/london/;
/london-southwark/portfolio/view-12-360-view/ /locations/london/;
/oxford-the-mews/contact/ /buildings/the-mews/;
/blog/nshs-national-student-housing-awards-2015 /nshs-national-student-housing-awards-2015/;
/cookie-policy/ /privacy-policy/;
/blog/tag/nottingham-2/ /news/;
/london-southwark/f-a-q/ /locations/london/;
/blog/national-student-housing-awards-nshs-2014/ /news/;
/london-southwark/portfolio/view-13-360-view/ /locations/london/;
/exeter/contact-us/ /locations/exeter/;
/manchester-ubs/experience-vh/ /locations/;
/blog/eating-on-a-budget/ /eating-on-a-budget/;
/student-accommodation-london/paul-street-east-victoria-hall/ /buildings/paul-st-east/;
/manchester-ubs/how-to-videos /locations/;
/virtual-tour/ /locations/;
/manchester-ubs/manchester-ubs-gallery/ /locations/;
/student-accommodation-liverpool/ /locations/liverpool/;
/oxford-the-mews/f-a-q/ /buildings/the-mews/;
/manchester-ubs/getting-ready-for-uni/ /locations/;
/manchester-ubs/portfolio/laundry-room/ /locations/;
/manchester-ubs/portfolio/washing-machine-2/ /locations/;
/hope-street/ /buildings/hope-street/;
/hope-street/contact-us/ /buildings/hope-street/;
/manchester-ubs/portfolio/students/ /locations/;
/hope-street/student-info/ /buildings/hope-street/;
/hope-street/getting-ready-for-uni/ /buildings/hope-street/;
/hope-street/experience-vh/ /buildings/hope-street/;
/hope-street/contact/ /buildings/hope-street/;
/hope-street/living-in-liverpool/ /buildings/hope-street/;
/manchester-ubs/portfolio/deluxe-room/ /locations/;
/london-southwark/portfolio/view-10-360-view/ /locations/london/;
/exeter/experience-vh/ /locations/exeter/;
/hope-street/virtual-tour/ /buildings/hope-street/;
/liverpool/ /locations/liverpool/;
/cambridge-cb1/portfolio/kitchen/ /buildings/cambridge-cb1/;
/liverpool/contact-us/ /locations/liverpool/;
/Liverpool/parent-guardian-information/ /locations/liverpool/;
/liverpool/getting-ready-for-uni/ /locations/liverpool/;
/exeter/exeter-gallery/ /locations/exeter/;
/Liverpool/living-in-Liverpool/ /locations/liverpool/;
/exeter/portfolio/2319/ /locations/exeter/;
/liverpool/f-a-q/ /locations/liverpool/;
/exeter/portfolio/common-room/ /locations/exeter/;
/exeter/portfolio/tv-room/ /locations/exeter/;
/liverpool/overseas-students/ /locations/liverpool/;
/liverpool/student-info/ /locations/liverpool/;
/liverpool/victoria-hall-locations/ /locations/liverpool/;
/exeter/portfolio/common-room-2/ /locations/exeter/;
/exeter/portfolio/common-room-3/ /locations/exeter/;
/liverpool/cookie-policy/ /locations/liverpool/;
/liverpool/liverpool-gallery/ /locations/liverpool/;
/exeter/portfolio/studio-3/ /locations/liverpool/;
/exeter/portfolio/studio/ /locations/exeter/;
/cambridge-cb1/book-cb1/ /locations/exeter/;
/liverpool/portfolio/standard-room-2/ /buildings/cambridge-cb1/;
/liverpool/portfolio/standard-room-3/ /locations/liverpool/;
/liverpool/portfolio/deluxe-room-4/ /locations/liverpool/;
/liverpool/portfolio/deluxe-room-3/ /locations/liverpool/;
/exeter/investors/ /locations/liverpool/;
/liverpool/portfolio/floor-plan-2/ /locations/exeter/;
/experience-vh/ /locations/liverpool/;
/manchester-ubs/portfolio/external-view/ /;
/sheffield/book-sheffield/ /locations/;
/hope-street/victoria-hall-locations/ /locations/sheffield/;
/blog/summer-countdown/ /buildings/hope-street/;
/birmingham-student-accommodation/ /how-to-spend-your-summer/;
/sheffield/summer-stays/ /locations/birmingham/;
/grange-road/ /locations/sheffield/;
/sheffield/experience-vh-sheffield/ /locations/;
/sheffield/sheffield-gallery/ /locations/sheffield/;
/dale-road/ /locations/sheffield/;
/grange-road/parent-guardian-information/ /locations/;
/grange-road/living-in-birmingham/ /locations/;
/sheffield/portfolio/students-in-courtyard-1/ /locations/birmingham/;
/dale-road/student-accommodation-birmingham-f-a-q/ /locations/sheffield/;
/dale-road/summer-stays/ /locations/birmingham/;
/dale-road/student-info/ /locations/;
/grange-road/summer-stays/ /locations/;
/sheffield/sheffield-gallery/?cat=sheffield-gallery /locations/;
/sheffield/overseas-students/ /locations/sheffield/;
/sheffield/portfolio/reception/ /locations/sheffield/;
/sheffield/f-a-q-student-accommodation-sheffield/ /locations/sheffield/;
/exeter/portfolio/studio-2/ /locations/sheffield/;
/blog/victoria-hall-are-ready-to-see-which-country-lifts-the-trophy/ /locations/exeter/;
/cambridge-cb1/f-a-q/ /news/;
/manchester-ubs/portfolio/students-in-courtyard/ /buildings/cambridge-cb1/;
/manchester-ubs/portfolio/reception/ /locations/;
/student-accommodation-liverpool /locations/;
/newcastle/student-accommodation-newcastle-getting-ready-for-uni/ /locations/liverpool/;
/grange-road/overseas-students/ /locations/;
/manchester-hcs/experience-vh-manchester/ /locations/;
/manchester-hcs/f-a-q-student-accommodation-manchester/ /locations/;
/sheffield/student-info/ /locations/;
/manchester-hcs/manchester-gallery/ /locations/sheffield/;
/international-agent/ /locations/;
/manchester-hcs/manchester-gallery /agents/;
/student-accommodation-cardiff/ /locations/;
/manchester-hcs/portfolio/demo-gallery-5/ /locations/cardiff/;
/manchester-hcs/portfolio/lounge/ /locations/;
/student-accommodation-london /locations/;
/cardiff-shand-house/ /locations/london/;
/london-southwark/portfolio/standard-studio-2/ /buildings/shand-house/;
/blog/tag/moving-out-of-halls/ /locations/london/;
/oxford-the-mews/student-info/ /news/;
/blog/the-green-campaign-my-experience-3/ /buildings/the-mews/;
/cardiff-shand-house/cookie-policy/ /the-green-campaign-my-experience/;
/cardiff-shand-house/f-a-q/ /buildings/shand-house/;
/cardiff-shand-house/getting-ready-for-uni/ /buildings/shand-house/;
/blog/tag/ljmu/ /buildings/shand-house/;
/manchester-ubs/overseas-students/ /news/;
/blog/life-as-a-fresher-in-victoria-hall-student-accommodation-liverpool/ /locations/;
/manchester-ubs/how-to-videos/ /news/;
/endsleigh-insurance/ /locations/;
/blog/how-to-prepare-for-your-exam/ /;
/london-southwark/portfolio/view-6-360-view/ /how-to-prepare-for-your-exam/;
/dale-road/overseas-students/ /locations/london/;
/exeter/terms-conditions/ /locations/;
/student-accommodation-sheffield /locations/exeter/;
/dale-road/contact-us/ /locations/sheffield/;
/london-southwark/contact-us// /locations/liverpool/;
/blog/moving-in/ /locations/;
/blog/tag/london/page/2/ /locations/london/;
/blog/moving-out-of-victoria-hall-2/ /news/;
/sheffield/living-in-Sheffield/ /news/;
/sheffield/portfolio/laundry-room/ /news/;
/grange-road/contact-us/ /locations/sheffield/;
/sheffield/testimonials/ /locations/sheffield/;
/newcastle/parent-guardian-information/ /locations/;
/blog/investors-in-people-accreditation/ /locations/sheffield/;
/manchester-hcs/portfolio/single-room/ /locations/;
/london-southwark/portfolio/view-15-360-view/ /news/;
/grange-road/contact/ /locations/;
/exeter/cookie-policy/ /locations/london/;
/london-southwark/portfolio/study-rooms-3/ /locations/;
/cambridge-cb1/portfolio/kitchen-2/ /locations/exeter/;
/blog/vh-wins-awards-in-liverpool/ /locations/london/;
/cardiff-shand-house/contact/ /buildings/cambridge-cb1/;
/blog/work-through-your-studies/ /news/;
/cardiff-shand-house/contact-us/ /locations/cardiff/;
/chester-fontessa-house/ /work-through-your-studies/;
/careers/ /locations/cardiff/;
/blog/new-student-accommodation-developments-at-victoria-hall/ /buildings/fontessa-house/;
/chester-fontessa-house/victoria-hall-locations/ /careers/;
/exeter/portfolio/study-room-3/ /news/;
/chester-fontessa-house/parent-guardian-information/ /buildings/fontessa-house/;
/chester-fontessa-house/contact-us/ /locations/exeter/;
/chester-fontessa-house/student-accommodation-chester-f-a-q/ /buildings/fontessa-house/;
/chester-fontessa-house/getting-ready-for-uni/ /buildings/fontessa-house/;
/exeter/portfolio/kitchen/ /buildings/fontessa-house/;
/manchester-ubs/portfolio/kitchen/ /buildings/fontessa-house/;
/grange-road/book-birmingham/ /locations/exeter/;
/chester-fontessa-house/student-info/ /locations/;
/dale-road/book-birmingham/ /locations/birmingham/;
/manchester-hcs/cookie-policy/ /buildings/fontessa-house/;
/london-southwark/london-southwark-gallery/?set=2 /locations/birmingham/;
/wolverhampton/contact-us/ /locations/;
/london-southwark/london-southwark-gallery/?set=1 /locations/london/;
/blog/tag/victoria-hal/ /locations/;
/wolverhampton/student-info/ /locations/london/;
/wolverhampton/wolverhampton-gallery/ /news/;
/wolverhampton/cookie-policy/ /locations/;
/wolverhampton/experience-vh /locations/;
/oxford-the-mews/cookie-policy/ /locations/;
/wolverhampton/wolverhampton-gallery/?cat=photography /locations/;
/wolverhampton/wolverhampton-gallery/?set=1 /buildings/the-mews/;
/wolverhampton/wolverhampton-gallery/?set=3 /locations/;
/wolverhampton/wolverhampton-gallery/?set=2 /locations/;
/wolverhampton/wolverhampton-gallery/?cat=virtual-tour /locations/;
/wolverhampton/portfolio/summer-stays/ /locations/;
/wolverhampton/wolverhampton-gallery/?cat=design-lightbox /locations/;
/wolverhampton/portfolio/reception-360-view/ /locations/;
/wolverhampton/portfolio/lounge/ /locations/;
/wolverhampton/portfolio/single-room/ /locations/;
/wolverhampton/portfolio/courtyard-360-view/ /locations/;
/wolverhampton/portfolio/bball-360-view/ /locations/;
/wolverhampton/portfolio/common-room-2/ /locations/;
/wolverhampton/portfolio/livingareakitchen-360-view/ /locations/;
/wolverhampton/wolverhampton-gallery/?cat=how-to /locations/;
/wolverhampton/wolverhampton-gallery/?cat=branding /locations/;
/wolverhampton/portfolio/external-view-2/ /locations/;
/wolverhampton/portfolio/deluxe-room-2/ /locations/;
/wolverhampton/portfolio/laundry-room/ /locations/;
/wolverhampton/portfolio/laundrette-360-view/ /locations/;
/wolverhampton/portfolio/deluxe-room/ /locations/;
/wolverhampton/portfolio/external-view-3/ /locations/;
/cambridge-cb1/overseas-students/ /locations/;
/exeter/parent-guardian-information/ /locations/;
/oxford-the-mews/overseas-students/ /overseas-students/;
/blog/tag/university/ /locations/exeter/;
/Manchester-hcs/living-in-Manchester-hcs/ /overseas-students/;
/sheffield/portfolio/single-room/ /news/;
/sheffield/ /locations/;
/manchester-ubs/portfolio/security/ /locations/sheffield/;
/oxford-the-mews/oxford-gallery/ /locations/sheffield/;
/wolverhampton/portfolio/kitchen/ /locations/;
/student-accommodation-leicester /buildings/the-mews/;
/sheffield/victoria-hall-locations/ /locations/;
/oxford-the-mews/portfolio/external-building-2/ /locations/leicester/;
/oxford-the-mews/portfolio/reception-3/ /locations/sheffield/;
/oxford-the-mews/portfolio/kitchen/ /buildings/the-mews/;
/exeter/portfolio/gym/ /buildings/the-mews/;
/wolverhampton/portfolio/external-view/ /buildings/the-mews/;
/wolverhampton/portfolio/common-room/ /locations/exeter/;
/liverpool/portfolio/external-view-2/ /locations/;
/blog/tag/liverpool/page/2/ /locations/;
/liverpool/portfolio/living-room-2/ /locations/liverpool/;
/wolverhampton/portfolio/overseas/ /news/;
/cambridge-cb1/portfolio/en-suite-room/ /locations/liverpool/;
/wolverhampton/ /locations/;
/newcastle/overseas-students/ /locations/;
/sheffield/portfolio/external-view/ /buildings/cambridge-cb1/;
/manchester-ubs/parent-guardian-information/ /locations/birmingham/;
/wolverhampton/victoria-hall-locations/ /locations/;
/blog/tag/student-accommodation/ /locations/sheffield/;
/wolverhampton/living-in-Wolverhampton /locations/;
/hope-street/f-a-q/ /locations/;
/refer-a-friend/ /news/;
/blog/moving-into-student-accommodation-victoria-hall/ /locations/;
/blog/booking-student-accommodation/ /buildings/hope-street/;
/cambridge-cb1/student-info/ /;
/sheffield/how-to-videos/ /news/;
/newcastle/f-a-q/ /news/;
/oxford-the-mews/portfolio/reception-2/ /buildings/cambridge-cb1/;
/wolverhampton/summer-stays/ /locations/sheffield/;
/newcastle/cookie-policy/ /locations/;
/newcastle/cookie-policy-2/ /buildings/the-mews/;
/manchester-ubs/portfolio/single-room/ /locations/;
/availability/ /locations/;
/blog/tag/glasgow/ /locations/;
/manchester-ubs/contact-us/ /locations/;
/newcastle/experience-vh-newcastle/virtual-tour /locations/;
/blog/exam-time/ /news/;
/exeter/portfolio/kitchen-5/ /locations/;
/dale-road/phase-iii-gallery/ /locations/;
/grange-road/victoria-hall-locations/ /news/how-to-prepare-for-your-exam/;
/dale-road/portfolio/the-common-room-2/ /locations/exeter/;
/blog/tag/exams/ /locations/;
/blog/category/blog/page/2/ /locations/;
/dale-road/portfolio/reception/ /locations/;
/dale-road/portfolio/the-common-room/ /news/how-to-prepare-for-your-exam/;
/dale-road/portfolio/bronze-studio/ /news/;
/nottingham/ /locations/;
/london-southwark/how-to-get-to-university/ /locations/;
/blog/tag/national-student-survey/ /locations/;
/blog/tag/moving-out-of-uni/ /locations/nottingham/;
/nottingham/f-a-q/ /locations/london/;
/london-southwark/kings-college-london-accommodation/ /news/;
/london-southwark/ual-accommodation/ /news/;
/london-southwark/lsbu-accommodation/ /locations/nottingham/;
/nottingham/nottingham-gallery/ /locations/london/;
/nottingham/booking-nottingham/ /locations/london/;
/london-southwark/portfolio/view-8-360-view/ /locations/london/;
/nottingham/portfolio/external-view-1/ /locations/nottingham/;
/nottingham/portfolio/deluxe-room-2/ /locations/nottingham/;
/nottingham/portfolio/laundry-room/ /locations/london/;
/liverpool/booking-liverpool/ /locations/nottingham/;
/News /locations/nottingham/;
/liverpool/summer-stays/ /locations/nottingham/;
/exeter/student-info/ /locations/liverpool/;
/blog/category/blog/page/3/ /news/;
/manchester-ubs/portfolio/lounge/ /locations/;
/london-southwark/how-to-videos/ /locations/liverpool/;
/cardiff-shand-house/student-info/ /locations/exeter/;
/blog/category/blog/page/4/ /news/;
/leicester/ /locations/;
/cardiff-shand-house/summer-stays/ /locations/london/;
/leicester/f-a-q/ /locations/cardiff/;
/blog/category/blog/page/5/ /news/;
/leicester/booking-leicester/ /locations/leicester/;
/blog/category/blog/page/6/ /locations/cardiff/;
/leicester/parent-guardian-information/ /locations/leicester/;
/leicester/getting-ready-for-uni/ /news/;
/leicester/overseas-students/ /locations/leicester/;
/leicester/victoria-hall-locations/ /news/;
/blog/category/blog/page/7/ /locations/leicester/;
/leicester/summer-stays/ /locations/leicester/;
/blog/category/blog/page/8/ /locations/leicester/;
/nottingham/portfolio/reception/ /locations/leicester/;
/nottingham/living-in-nottingham/ /news/;
/nottingham/summer-stays/ /locations/leicester/;
/blog/tag/student-accommodation/page/2/ /locations/sheffield/;
/nottingham/portfolio/demo-gallery-8/ /news/;
/cardiff-shand-house/victoria-hall-locations/ /locations/nottingham/;
/dale-road/portfolio/demo-gallery-2/ /locations/nottingham/;
/wolverhampton/wolverhampton-gallery/?cat=other /locations/nottingham/;
/nottingham/student-info/ /news/;
/nottingham/portfolio/demo-gallery-7/ /locations/nottingham/;
/dale-road/portfolio/how-to-item-3/ /locations/cardiff/;
/dale-road/portfolio/how-to-item-2/ /locations/;
/dale-road/portfolio/test-video-item/ /locations/;
/wolverhampton/wolverhampton-gallery/?cat=post-format-video /locations/nottingham/;
/nottingham/getting-ready-for-uni-student-accommodation-nottingham/ /locations/nottingham/;
/wolverhampton/wolverhampton-gallery/?cat=home-links /locations/;
/dale-road/living-in-birmingham/ /locations/;
/oxford-the-mews/oxford-gallery/?cat=oxford-gallery /locations/;
/manchester-hcs/portfolio/kitchen/ /locations/;
/nottingham/portfolio/students-at-victoria-hall/ /locations/nottingham/;
/wolverhampton/wolverhampton-gallery/?cat=ilustration /locations/;
/Manchester-hcs/virtual-tour /locations/birmingham/;
/nottingham/victoria-hall-locations/ /buildings/the-mews/;
/leicester/living-in-Leicester/ /locations/;
/Manchester-hcs/virtual-tour/ /locations/nottingham/;
/london-southwark/how-to-get-to-university/westminster%20university%20london%20logo%20–%20small /locations/;
/london-southwark/westminster-university-accommodation/ /locations/;
/manchester-hcs/portfolio/deluxe-room-360-view/ /locations/nottingham/;
/manchester-hcs/portfolio/living-area-360-view/ /locations/leicester/;
/manchester-hcs/portfolio/laundrette-360-view/ /locations/;
/manchester-hcs/portfolio/standard-room/ /locations/london/;
/dale-road/portfolio/demo-gallery-6/ /locations/london/;
/manchester-hcs/portfolio/laundrette-360-view/manchester-hcs/virtual-tour/ /locations/;
/oxford-the-mews/portfolio/en-suite-bedroom-2/ /locations/;
/oxford-the-mews/portfolio/en-suite-bedroom-3/ /locations/;
/wolverhampton/book-wolverhampton/ /locations/leicester/;
/nottingham/portfolio/students-staff/ /locations/;
/wolverhampton/overseas-students/ /locations/;
/leicester/student-info/ /locations/;
/sheffield/portfolio/students-in-courtyard-3/ /locations/;
/grange-road/experience-vh/ /buildings/the-mews/;
/grange-road/virtual-tour /buildings/the-mews/;
/grange-road/how-to-videos /locations/;
/grange-road/living-in-birmingham /locations/nottingham/;
/grange-road/testimonials/ /locations/;
/grange-road/how-to-videos/ /locations/leicester/;
/grange-road/virtual-tour/ /locations/sheffield/;
/sheffield/portfolio/students-in-courtyard-2/ /locations/;
/experience-vh /locations/;
/wolverhampton/experience-vh/ /locations/;
/grange-road/virtual-tour/outside-360-view /locations/birmingham/;
/grange-road/virtual-tour/standard-room-360 /locations/;
/grange-road/virtual-tour/laundry-room-360 /locations/;
/grange-road/outside-360-view/ /locations/;
/grange-road/virtual-tour/courtyard-360-view /locations/sheffield/;
/grange-road/standard-room-360-view/ /;
/grange-road/laundry-room-360/ /locations/;
/sheffield/portfolio/deluxe-room/ /locations/;
/oxford-the-mews/portfolio/kitchen-3/ /locations/;
/blog/tag/university/page/2/ /locations/;
/chester-fontessa-house/booking-chester-useful-documents/ /locations/;
/wolverhampton/portfolio/semi-deluxe-room-360-view/ /locations/;
/sheffield/getting-ready-for-uni/ /locations/;
/wolverhampton/virtual-tour/ /locations/;
/oxford-the-mews/portfolio/kitchen-2/ /locations/sheffield/;
/oxford-the-mews/portfolio/en-suite-bedroom/ /buildings/the-mews/;
/grange-road/virtual-tour/living-area-360 /news/;
/wolverhampton/portfolio/rooftop-360-view/ /buildings/fontessa-house/;
/sheffield/virtual-tour/ /locations/;
/grange-road/living-area-360/ /locations/sheffield/;
/dale-road/portfolio/safe-secure/ /locations/;
/sheffield/portfolio/courtyard-360-view/ /buildings/the-mews/;
/sheffield/portfolio/disabled-room-360-view/ /buildings/the-mews/;
/dale-road/portfolio/facilities/ /locations/;
/sheffield/portfolio/deluxe-room-360-view-2/ /locations/;
/dale-road/portfolio/132/ /locations/sheffield/;
/sheffield/portfolio/living-area-360-view/ /locations/;
/sheffield/portfolio/laundrette-360-view/ /locations/;
/cambridge-cb1/summer-stays/ /locations/sheffield/;
/grange-road/virtual-tour/?cat=360 /locations/sheffield/;
/liverpool/experience-vh/ /locations/;
/sheffield/portfolio/semi-deluxe-room-360-view/ /locations/sheffield/;
/exeter/booking-exeter/ /locations/;
/Liverpool/testimonials/ /locations/sheffield/;
/dale-road/victoria-hall-locations/ /locations/sheffield/;
/Liverpool/how-to-videos/ /buildings/cambridge-cb1/;
/Liverpool/virtual-tour/ /locations/;
/liverpool/portfolio/front-360-view/ /locations/liverpool/;
/liverpool/portfolio/deluxe-room/ /locations/sheffield/;
/liverpool/portfolio/reception-360-view-2/ /locations/exeter/;
/liverpool/portfolio/living-area-360-view/ /locations/liverpool/;
/liverpool/portfolio/laundrette-360-view/ /locations/;
/manchester-ubs/cookie-policy-2/ /locations/liverpool/;
/sheffield/portfolio/ensuite-360-view/ /locations/liverpool/;
/Manchester-hcs/testimonials/ /locations/liverpool/;
/manchester-hcs/portfolio/deluxe-room/ /locations/liverpool/;
/dale-road/portfolio/outside-building/ /locations/liverpool/;
/manchester-hcs/booking-manchester-hcs/ /locations/liverpool/;
/wolverhampton/portfolio/ensuite-360-view/ /locations/liverpool/;
/blog/best-private-halls-provider-2011/ /locations/liverpool/;
/blog/how-to-spend-your-summer/ /locations/liverpool/;
/london-southwark/testimonials/ /locations/liverpool/;
/international-agent /locations/;
/manchester-hcs/portfolio/students-in-kitchen/ /locations/sheffield/;
/manchester-ubs/portfolio/reception-360-view/ /locations/;
/blog/best-private-halls-provider-2012/ /locations/;
/exeter/partners/ /locations/;
/hope-street/book-liverpool/ /locations/;
/hope-street/summer-stays/ /locations/;
/exeter/overseas-students/ /news/;
/manchester-hcs/portfolio/reception-360-view/ /how-to-spend-your-summer/;
/wolverhampton/living-in-Wolverhampton/ /locations/london/;
/wolverhampton/portfolio/how-to-item-2/ /agents/;
/newcastle/how-to-videos /locations/;
/glasgow/ /locations/;
/oxford-the-mews/living-in-oxford/ /news/;
/blog/category/news/page/4/ /locations/exeter/;
/glasgow/overseas-students/ /buildings/hope-street/;
/glasgow/getting-ready-for-uni/ /buildings/hope-street/;
/glasgow/student-info/ /locations/exeter/;
/glasgow/cookie-policy/ /locations/;
/glasgow/f-a-q/ /locations/;
/glasgow/book-glasgow/ /locations/;
/glasgow/contact-us/ /locations/;
/glasgow/experience-vh/ /locations/;
/glasgow/victoria-hall-locations/ /locations/;
/glasgow/glasgow-gallery/ /buildings/the-mews/;
/glasgow/f-a-q/glasgow@victoriahall.com /news/;
/grange-road/birmingham-gallery/ /locations/;
/glasgow/portfolio/kitchen/ /locations/;
/blog/category/news/page/5/ /locations/;
/glasgow/portfolio/security/ /locations/;
/grange-road/portfolio/kitchen-lounge/ /locations/;
/grange-road/portfolio/standard-room/ /locations/;
/glasgow/portfolio/external-view/ /locations/;
/glasgow/portfolio/studio-room/ /locations/;
/glasgow/portfolio/gallery-demo-6/ /locations/;
/glasgow/portfolio/lounge/ /locations/;
/glasgow/portfolio/courtyard/ /locations/;
/glasgow/portfolio/laundry-room/ /locations/birmingham/;
/glasgow/portfolio/ensuite/ /locations/;
/dale-road/getting-ready-for-uni/ /news/;
/blog/category/news/page/6/ /locations/;
/plymouth/frobisher-house/ /locations/;
/bristol-square-studios/ /locations/;
/manchester-ubs/victoria-hall-locations/ /locations/;
/hope-street/cookie-policy/ /locations/;
/plymouth/contact-us/ /locations/;
/blog/tag/apartments/ /locations/;
/bristol-square-studios/victoria-hall-locations/ /locations/;
/bristol-square-studios/contact-us/ /locations/;
/plymouth/summer-stays/ /locations/;
/plymouth/f-a-q/ /locations/;
/bristol-square-studios/living-in-bristol/ /news/;
/plymouth/student-info/ /buildings/frobisher-house/;
/plymouth/getting-ready-for-uni/ /buildings/king-square-studios/;
/bristol-square-studios/parent-guardian-information/ /locations/;
/bristol-square-studios/cookie-policy/ /buildings/hope-street/;
/plymouth/cookie-policy/ /locations/plymouth/;
/bristol-square-studios/overseas-students/ /news/;
/bristol-square-studios/contact/ /buildings/king-square-studios/;
/plymouth/parent-guardian-information/ /buildings/king-square-studios/;
/bristol-square-studios/book-bristol/ /locations/plymouth/;
/bristol /locations/plymouth/;
/bristol-square-studios/student-info/ /buildings/king-square-studios/;
/bristol-square-studios/f-a-q/ /locations/plymouth/;
/cambridge-cb1/contact-us/ /locations/plymouth/;
/cardiff-shand-house/experience-vh/ /buildings/king-square-studios/;
/overseas-students/ /buildings/king-square-studios/;
/grange-road/portfolio/standard-room-2/ /locations/plymouth/;
/cardiff-shand-house/the-shand-house-gallery/ /buildings/king-square-studios/;
/cardiff-shand-house/living-in-cardiff/ /buildings/king-square-studios/;
/wolverhampton/f-a-q/ /locations/plymouth/;
/cardiff-shand-house/portfolio/en-suite-room-3/ /buildings/king-square-studios/;
/cardiff-shand-house/portfolio/reception-2/ /locations/bristol/;
/cardiff-shand-house/portfolio/en-suite-room-4/ /buildings/king-square-studios/;
/cardiff-shand-house/portfolio/en-suite-room-2/ /buildings/king-square-studios/;
/cardiff-shand-house/portfolio/kitchen/ /buildings/cambridge-cb1/;
/cardiff-shand-house/portfolio/lounge/ /locations/cardiff/;
/cardiff-shand-house/portfolio/en-suite-room/ /overseas-students/;
/cardiff-shand-house/portfolio/shand-house/ /locations/;
/blog/i-resolute-to-not-making-resolutions/ /locations/cardiff/;
/glasgow/portfolio/single-room/ /locations/cardiff/;
/wolverhampton/portfolio/games-court/ /locations/liverpool/;
/glasgow/portfolio/reception/ /locations/;
/nottingham/cookie-policy/ /locations/cardiff/;
/manchester-hcs/portfolio/ensuite-360-view/ /locations/cardiff/;
/grange-road/virtual-tour/deluxe-room-360 /locations/cardiff/;
/glasgow/portfolio/deluxe-room/ /locations/cardiff/;
/blog/moving-to-the-uk/ /locations/cardiff/;
/oxford-the-mews/oxford-gallery/?set=1 /locations/cardiff/;
/grange-road/deluxe-room-360/ /locations/cardiff/;
/oxford-the-mews/oxford-gallery/?set=2 /locations/cardiff/;
/sheffield/portfolio/front-360-view/ /i-resolute-to-not-making-resolutions/;
/plymouth/plymouth-gallery /locations/;
/chester-fontessa-house/experience-vh/ /locations/;
/chester-fontessa-house/overseas-students/ /locations/;
/dale-road/portfolio/en-suite-bathroom/ /locations/nottingham/;
/newcastle/newcastle-gallery/ /locations/;
/chester-fontessa-house/living-in-chester/ /locations/;
/london-southwark/studio/ /locations/;
/grange-road/portfolio/ensuite-360-view/ /news/;
/newcastle/how-to-videos/ /buildings/the-mews/;
/newcastle/portfolio/external-view-1/ /locations/;
/newcastle/experience-vh/ /buildings/the-mews/;
/newcastle/portfolio/deluxe-room/ /locations/sheffield/;
/newcastle/portfolio/external-view-2/ /locations/plymouth/;
/newcastle/portfolio/lounge/ /buildings/fontessa-house/;
/newcastle/portfolio/kitchen-2/ /buildings/fontessa-house/;
/newcastle/portfolio/kitchen-3/ /locations/;
/newcastle/portfolio/student-at-victoria-hall/ /locations/;
/newcastle/portfolio/entrance-to-victoria-hall/ /buildings/fontessa-house/;
/london-southwark/studio/Scripts/swfobject_modified.js /locations/london/;
/newcastle/portfolio/students-outside-victoria-hall/ /locations/;
/newcastle/portfolio/single-room/ /locations/;
/newcastle/portfolio/newcastle-8-2/ /locations/;
/newcastle/experience-vh /locations/;
/nottingham/nottingham-gallery/history.back() /locations/;
/birmingham /locations/;
/grange-road/portfolio/demo-gallery-1/ /locations/;
/liverpool/portfolio/standard-room/ /locations/;
/sheffield/contact-us/ /locations/;
/sheffield/cookie-policy/ /locations/;
/grange-road/cookie-policy/ /locations/;
/blog/tag/victoria-hall/page/2/ /locations/london/;
/glasgow/glasgow-gallery/?set=2 /locations/;
/wolverhampton/portfolio/other-locations/ /locations/;
/liverpool/portfolio/kitchen-2/ /locations/;
/glasgow/glasgow-gallery/?set=1 /locations/;
/exeter/victoria-hall-locations/ /locations/nottingham/;
/glasgow/portfolio/deluxe-room-360-view-2/ /locations/birmingham/;
/bristol-square-studios/summer-stays/ /locations/;
/liverpool/portfolio/standard-room-2-360-view/ /locations/liverpool/;
/dale-road/portfolio/laundry-area/ /locations/sheffield/;
/wolverhampton/parent-guardian-information/ /locations/sheffield/;
/plymouth/plymouth-gallery/ /locations/;
/chester-fontessa-house/chester-gallery/ /news/;
/newcastle/portfolio/laundry-room/ /locations/;
/blog/student-grub-at-victoria-hall/ /locations/;
/cardiff-shand-house/overseas-students/ /locations/liverpool/;
/plymouth/portfolio/3031/ /locations/;
/chester-fontessa-house/portfolio/2601/ /locations/exeter/;
/chester-fontessa-house/portfolio/external-building/ /locations/;
/plymouth/experience-vh/ /buildings/king-square-studios/;
/plymouth/portfolio/student-room-4/ /locations/;
/plymouth/portfolio/student-room-3/ /locations/liverpool/;
/plymouth/portfolio/student-room-2/ /locations/;
/plymouth/living-in-plymouth/ /locations/;
/plymouth/portfolio/kitchen-and-living-room/ /locations/plymouth/;
/plymouth/portfolio/the-old-dairy-3/ /buildings/fontessa-house/;
/plymouth/portfolio/the-old-dairy-2/ /locations/;
/plymouth/testimonials/ /news/;
/plymouth/portfolio/the-od-dairy/ /locations/cardiff/;
/blog/rate-your-landlord-awards-2014-2/ /locations/plymouth/;
/blog/tag/student-finance/ /buildings/fontessa-house/;
/blog/tag/merseyside/ /buildings/fontessa-house/;
/sheffield/portfolio/standard-room/ /locations/plymouth/;
/liverpool/portfolio/living-room/ /locations/plymouth/;
/sheffield/experience-vh /locations/plymouth/;
/grange-road/courtyard-360-view/ /locations/plymouth/;
/nottingham/portfolio/kitchen/ /locations/plymouth/;
/manchester-ubs/virtual-tour/ /locations/plymouth/;
/blog/author/davecomiskey/ /locations/plymouth/;
/manchester-ubs/portfolio/deluxe-360-view/ /locations/plymouth/;
/blog/author/vichall/ /locations/plymouth/;
/manchester-ubs/portfolio/living-area-360-view-2/ /locations/plymouth/;
/manchester-ubs/portfolio/laundry-360-view/ /news/;
/manchester-ubs/portfolio/standard-room-360-view/ /news/;
/hope-street/overseas-students/ /news/;
/manchester-ubs/portfolio/ensuite-360-view/ /locations/sheffield/;
/grange-road/portfolio/demo-gallery-11/ /locations/liverpool/;
/blog/nsbs-quality-mark-2012/ /locations/sheffield/;
/wolverhampton/wolverhampton-gallery/?cat=wolverhampton-gallery /locations/;
/nottingham/portfolio/students-in-lounge/ /locations/nottingham/;
/chester-fontessa-house/cookie-policy/ /locations/;
/sheffield/experience-vh/ /news/;
/london-southwark/portfolio/roof-terraces-4/ /locations/;
/plymouth/portfolio/kitchen-and-living-room-2/ /news/;
/london-southwark/portfolio/roof-terraces-3/ /locations/;
/nottingham/experience-vh-nottingham/ /locations/;
/blog/staying-safe-2/ /locations/;
/nottingham/contact-us/ /buildings/hope-street/;
/grange-road/portfolio/demo-gallery-12/ /locations/;
/cardiff-shand-house/parent-guardian-information/ /locations/;
/blog/tag/overseas-students/ /news/;
/dale-road/portfolio/wardrobe-space/ /locations/;
/blog/victoria-hall-in-china/ /locations/nottingham/;
/nottingham/parent-guardian-information/ /buildings/fontessa-house/;
/plymouth/portfolio/kitchen-and-living-room-3/ /locations/sheffield/;
/manchester-ubs/booking-manchester-ubs/ /locations/london/;
/plymouth/overseas-students/ /locations/plymouth/;
/leicester/experience-vh/ /locations/london/;
/Nottingham/how-to-videos/ /locations/nottingham/;
/blog/tag/student/page/2/ /news/;
/leicester/how-to-videos/ /locations/nottingham/;
/leicester/testimonials/ /locations/nottingham/;
/leicester/Leicester-gallery/ /locations/;
/leicester/experience-vh /locations/cardiff/;
/leicester/virtual-tour/ /locations/nottingham/;
/leicester/portfolio/leciester-demo-gallery-4/ /news/;
/leicester/portfolio/ensuite-room/ /locations/;
/leicester/virtual-tour/?cat=virtual-tour /news/;
/leicester/portfolio/ensuite-room-360-view-3/ /locations/nottingham/;
/leicester/virtual-tour/?cat=how-to /locations/plymouth/;
/leicester/virtual-tour/?cat=360 /locations/;
/leicester/virtual-tour/?cat=leicester-gallery /locations/plymouth/;
/leicester/portfolio/test-video-item/ /locations/leicester/;
/leicester/portfolio/leicester-demo-gallery-10/ /locations/nottingham/;
/leicester/portfolio/reception-360-view-2/ /news/;
/leicester/portfolio/laundrette-360-view/ /locations/leicester/;
/leicester/portfolio/deluxe-room/ /locations/nottingham/;
/leicester/virtual-tour/?set=1 /locations/leicester/;
/leicester/virtual-tour/?set=3 /locations/leicester/;
/leicester/virtual-tour/?set=2 /locations/leicester/;
/leicester/portfolio/how-to-item-2/ /locations/leicester/;
/leicester/portfolio/standard-room/ /locations/leicester/;
/leicester/portfolio/how-to-item-3/ /locations/leicester/;
/leicester/portfolio/safe-secure/ /locations/leicester/;
/leicester/portfolio/132/ /locations/leicester/;
/leicester/virtual-tour/?cat=home-links /locations/leicester/;
/leicester/portfolio/laundry-room/ /locations/leicester/;
/leicester/portfolio/living-area-360-view/ /locations/leicester/;
/leicester/portfolio/students/ /locations/leicester/;
/leicester/portfolio/deluxe-room-2/ /locations/leicester/;
/leicester/portfolio/reception/ /locations/leicester/;
/liverpool/portfolio/floor-plan/ /locations/leicester/;
/about-us/ /locations/leicester/;
/manchester-ubs/living-in-manchester-ubs/ /locations/leicester/;
/exeter/living-in-exeter/ /locations/leicester/;
/sheffield/portfolio/courtyard/ /locations/leicester/;
/grange-road/portfolio/demo-gallery-10/ /locations/leicester/;
/glasgow/virtual-tour/ /locations/leicester/;
/glasgow/portfolio/living-area-360/ /locations/leicester/;
/glasgow/portfolio/ensuite-360-view/ /locations/leicester/;
/blog/making-the-most-of-your-student-loan/ /locations/leicester/;
/glasgow/portfolio/reception-360-view/ /locations/leicester/;
/leicester-glassworks/ /locations/leicester/;
/grange-road/portfolio/demo-gallery-7/ /locations/leicester/;
/chester-fontessa-house/summer-stays/ /locations/leicester/;
/manchester-hcs/parent-guardian-information/ /locations/leicester/;
/leicester-glassworks/student-info/ /locations/leicester/;
/leicester-glassworks/victoria-hall-locations/ /locations/liverpool/;
/leicester-glassworks/f-a-q/ /about/;
/leicester-glassworks/getting-ready-for-uni/ /locations/;
/leicester-glassworks/contact-us/ /locations/exeter/;
/leicester-glassworks/summer-stays/ /locations/sheffield/;
/leicester-glassworks/living-in-leicester/ /locations/;
/leicester-glassworks/parent-guardian-information/ /locations/;
/leicester-glassworks/phase-iii-gallery/ /locations/;
/leicester-glassworks/overseas-students/ /locations/;
/leicester-glassworks/portfolio/outside-building/ /news/;
/leicester-glassworks/portfolio/laundry-area/ /locations/;
/leicester-glassworks/portfolio/kitchen-5/ /buildings/the-glassworks/;
/leicester-glassworks/portfolio/shared-flat-bedroom/ /locations/;
/leicester-glassworks/portfolio/en-suite/ /buildings/fontessa-house/;
/leicester-glassworks/portfolio/bronze-studio/ /locations/;
/leicester-glassworks/portfolio/en-suite-bathroom/ /buildings/the-glassworks/;
/leicester-glassworks/portfolio/desk-2/ /buildings/the-glassworks/;
/leicester-glassworks/portfolio/the-common-room/ /buildings/the-glassworks/;
/leicester-glassworks/portfolio/desk/ /buildings/the-glassworks/;
/leicester-glassworks/portfolio/kitchen/ /buildings/the-glassworks/;
/leicester-glassworks/portfolio/reception/ /buildings/the-glassworks/;
/leicester-glassworks/portfolio/en-suite-2/ /buildings/the-glassworks/;
/leicester-glassworks/experience-vh/ /buildings/the-glassworks/;
/leicester-glassworks/portfolio/kitchen-2/ /buildings/the-glassworks/;
/leicester-glassworks/portfolio/kitchen-3/ /buildings/the-glassworks/;
/leicester-glassworks/portfolio/en-suite-4/ /buildings/the-glassworks/;
/Liverpool/how-to-videos /buildings/the-glassworks/;
/leicester-glassworks/portfolio/kitchen-4/ /buildings/the-glassworks/;
/leicester-glassworks/glassworks-gallery/ /buildings/the-glassworks/;
/leicester-glassworks/portfolio/en-suite-3/ /buildings/the-glassworks/;
/leicester-glassworks/book-the-glassworks/ /buildings/the-glassworks/;
/leicester-glassworks/portfolio/en-suite-5/ /buildings/the-glassworks/;
/leicester-glassworks/cookie-policy/ /buildings/the-glassworks/;
/leicester-glassworks/glassworks-gallery/?set=1 /buildings/the-glassworks/;
/leicester-glassworks/glassworks-gallery/?set=2 /buildings/the-glassworks/;
/leicester-glassworks/portfolio/shared-flat-communal/ /buildings/the-glassworks/;
/leicester-glassworks/portfolio/the-common-room-2/ /buildings/the-glassworks/;
/cambridge-cb1/cookie-policy/ /buildings/the-glassworks/;
/blog/best-value-for-money-2012/ /buildings/the-glassworks/;
/blog/a-day-in-the-life-of-a-student/ /buildings/the-glassworks/;
/plymouth/ /buildings/the-glassworks/;
/dale-road/portfolio/shared-flat-communal/ /buildings/the-glassworks/;
/hope-street/hope-street-gallery/ /locations/liverpool/;
/blog/acclaim-for-our-sheffield-student-accommodation/ /buildings/the-glassworks/;
/plymouth/360-image-tour/ /buildings/the-glassworks/;
/plymouth/victoria-hall-locations/ /buildings/the-glassworks/;
/hope-street/portfolio/premier-plus-en-suite/ /buildings/the-glassworks/;
/hope-street/portfolio/en-suite/ /buildings/the-glassworks/;
/hope-street/portfolio/premier-studio-plus/ /buildings/the-glassworks/;
/hope-street/portfolio/penthouse-ultra/ /buildings/the-glassworks/;
/hope-street/portfolio/premier-studio/ /buildings/the-glassworks/;
/hope-street/portfolio/premier-en-suite/ /buildings/the-glassworks/;
/hope-street/portfolio/3013/ /buildings/the-glassworks/;
/hope-street/portfolio/penthouse-studio-liverpool/ /buildings/cambridge-cb1/;
/cardiff-shand-house/book-cardiff-shand-house/ /news/;
/chester-fontessa-house/portfolio/en-suite-studio-4/ /news/;
/dale-road/cookie-policy/ /locations/plymouth/;
/terms-conditions/ /locations/;
/london-southwark/portfolio/student-hub/ /buildings/hope-street/;
/leicester/cookie-policy/ /news/;
/investors/ /locations/plymouth/;
/wolverhampton/portfolio/common-360-view/ /locations/plymouth/;
/plymouth/booking-plymouth/ /buildings/hope-street/;
/grange-road/portfolio/demo-gallery-8/ /buildings/hope-street/;
/grange-road/portfolio/external-view-1/ /buildings/hope-street/;
/sheffield/portfolio/lounge/ /buildings/hope-street/;
/blog/my-world-as-a-student-athlete/ /buildings/hope-street/;
/leicester-glassworks/phase-iii-gallery/?set=1 /buildings/hope-street/;
/wolverhampton/portfolio/reception/ /buildings/hope-street/;
/leicester-glassworks/phase-iii-gallery/?set=2 /buildings/hope-street/;
/wolverhampton/getting-ready-for-uni/ /locations/cardiff/;
/Nottingham/testimonials/ /buildings/fontessa-house/;
/leicester/portfolio/kitchen/ /locations/;
/cambridge-cb1/portfolio/victoria-hall-cb1/ /terms-conditions/;
/leicester/portfolio/external-view-2/ /locations/london/;
/glasgow/parent-guardian-information/ /locations/leicester/;
/blog/tag/awards-2/ /partners/;
/summer-stays/ /locations/;
/blog/tag/starting-uni/ /locations/plymouth/;
/cardiff/ /locations/;
/newcastle/virtual-tour/ /locations/;
/manchester-ubs/portfolio/courtyard/ https://host-students.com/locations/sheffield/;
/cardiff/victoria-hall-locations/ /my-world-as-a-student-athlete/;
/grange-road/portfolio/demo-gallery-9/ /buildings/the-glassworks/;
/newcastle/virtual-tour/?cat=home-links /locations/;
/cardiff/contact/ /buildings/the-glassworks/;
/cardiff/f-a-q/ /locations/;
/newcastle/virtual-tour/?cat=how-to /locations/nottingham/;
/cardiff/experience-vh/ /locations/leicester/;
/cardiff/overseas-students/ /buildings/cambridge-cb1/;
/newcastle/portfolio/safe-secure/ /locations/;
/cardiff/book-cardiff/ /locations/nottingham/;
/newcastle/portfolio/test-video-item/ /locations/leicester/;
/cardiff/testimonials/ /locations/;
/cardiff/living-in-cardiff/ /news/nshs-national-student-housing-awards-2015/;
/newcastle/virtual-tour/?set=1 /;
/newcastle/virtual-tour/?set=3 /news/;
/newcastle/virtual-tour/?set=2 /locations/cardiff/;
/cardiff/cookie-policy/ /locations/;
/cardiff/summer-stays/ /locations/;
/newcastle/portfolio/reception-360-view/ /locations/cardiff/;
/newcastle/portfolio/ensuite-room-360-view/ /locations/;
/newcastle/portfolio/laundry-room-360-view/ /locations/;
/cardiff/how-to-videos/ /locations/cardiff/;
/newcastle/virtual-tour/?cat=360 /locations/cardiff/;
/newcastle/portfolio/facilities/ /locations/;
/cardiff/contact-us/ /locations/cardiff/;
/cardiff/student-info/ /locations/cardiff/;
/newcastle/portfolio/how-to-item-2/ /locations/;
/newcastle/portfolio/how-to-item-3/ /locations/cardiff/;
/newcastle/portfolio/linging-area-360-view/ /locations/;
/cardiff/getting-ready-for-uni/ /locations/cardiff/;
/newcastle/portfolio/standard-room-360-view/ /locations/cardiff/;
/cardiff/parent-guardian-information/ /locations/;
/newcastle/portfolio/132/ /locations/;
/newcastle/virtual-tour/?cat=newcastle-main-gallery /locations/;
/coventry/ /locations/cardiff/;
/blog/tag/moving-into-halls/ /locations/cardiff/;
/london-southwark/virtual-tour/?set=1 /locations/;
/london-southwark/virtual-tour/?set=2 /locations/;
/grange-road/portfolio/reception/ /locations/;
/coventry/cookie-policy/ /locations/cardiff/;
/coventry/f-a-q/ /locations/;
/london-southwark/portfolio/ensuite-360-view/ /locations/;
/london-southwark/portfolio/view-5-360-view/ /locations/cardiff/;
/london-southwark/portfolio/view-2-360-view/ /locations/cardiff/;
/coventry/overseas-students/ /locations/;
/coventry/victoria-hall-locations/ /locations/;
/london-southwark/portfolio/view-4-360-view/ /locations/;
/coventry/getting-ready-for-uni/ /locations/cardiff/;
/coventry/parent-guardian-information/ /locations/;
/coventry/living-in-coventry/ /locations/cardiff/;
/coventry/experience-vh/ /locations/;
/coventry/summer-stays/ /locations/;
/london-southwark/files/2012/5/view5.swf /locations/coventry/;
/coventry/booking-coventry/ /news/;
/coventry/testimonials/ /locations/london/;
/coventry/contact-us/ /locations/london/;
/london-southwark/portfolio/view-3-360-view/ /locations/;
/coventry/coventry-gallery/ /locations/coventry/;
/leicester-glassworks/glassworks-gallery/?cat=glassworks-gallery /locations/coventry/;
/manchester-ubs/portfolio/students-in-lounge/ /locations/london/;
/blog/tag/sheffield/ /locations/london/;
/coventry/portfolio/common-room-3/ /locations/london/;
/coventry/portfolio/common-room-1/ /locations/coventry/;
/coventry/portfolio/common-room-2/ /locations/coventry/;
/coventry/portfolio/studio-2/ /locations/london/;
/coventry/experience-vh /locations/coventry/;
/coventry/portfolio/studio-4/ /locations/coventry/;
/coventry/portfolio/studio-3/ /locations/coventry/;
/coventry/portfolio/studio-5/ /locations/coventry/;
/coventry/portfolio/living-room-3/ /locations/coventry/;
/coventry/portfolio/living-room-4/ /locations/london/;
/coventry/portfolio/living-room-2/ /locations/coventry/;
/coventry/portfolio/standard-room-2/ /locations/coventry/;
/coventry/portfolio/standard-room-3/ /locations/coventry/;
/nottingham/portfolio/lounge/ /locations/london/;
/newcastle/portfolio/reception/ /locations/coventry/;
/chester-fontessa-house/portfolio/en-suite-studio-2/ /buildings/the-glassworks/;
/glasgow/portfolio/outside-360-view/ /locations/;
/glasgow/files/2012/12/outside.swf /news/;
/nottingham/overseas-students/ /locations/coventry/;
/dale-road/portfolio/shared-flat-bedroom/ /locations/coventry/;
/leicester/portfolio/students-at-victoria-hall/ /locations/coventry/;
/coventry/student-info/ /locations/coventry/;
/cambridge-cb1/getting-ready-for-uni/ /locations/coventry/;
/sheffield/portfolio/kitchen/ /locations/coventry/;
/blog/tag/liverpool-city-council/ /locations/coventry/;
/bristol-square-studios/experience-vh/ /locations/coventry/;
/cambridge-cb1/portfolio/2610/ /locations/coventry/;
/oxford-the-mews/portfolio/external-building/ /locations/coventry/;
/blog/tag/coventry/ /locations/coventry/;
/bristol/files/2012/08/bigstock-Three-Students-Girls-Walking-I-85792004.jpg /locations/coventry/;
/glasgow/portfolio/courtyard-360-view/ /locations/coventry/;
/grange-road/student-info/ /locations/nottingham/;
/bristol-square-studios/gallery/ /locations/leicester/;
/leicester/portfolio/standard-room-2/ /locations/;
/glasgow/portfolio/laundry-room-360/ /buildings/fontessa-house/;
/victoria-hall-locations/ /locations/;
/bristol-square-studios/portfolio/twodio-2/ /locations/;
/bristol-square-studios/portfolio/large-studio-4/ /locations/nottingham/;
/bristol-square-studios/portfolio/study-room/ /locations/;
/bristol-square-studios/portfolio/large-studio-2/ /locations/leicester/;
/bristol-square-studios/portfolio/large-studio-3/ /locations/coventry/;
/bristol-square-studios/portfolio/video-game-area/ /buildings/cambridge-cb1/;
/bristol-square-studios/portfolio/gym-room/ https://host-students.com/locations/sheffield/;
/bristol-square-studios/portfolio/twodio-kitchen/ /news/;
/bristol-square-studios/portfolio/large-plus-studio-3/ /buildings/king-square-studios/;
/bristol-square-studios/portfolio/standard-studio-ensuite/ /buildings/cambridge-cb1/;
/bristol-square-studios/portfolio/common-area/ /buildings/the-mews/;
/bristol-square-studios/portfolio/large-studio/ /news/;
/bristol-square-studios/portfolio/main-building-2/ /buildings/king-square-studios/;
/bristol-square-studios/portfolio/reception-2/ /locations/;
/bristol-square-studios/portfolio/games-area-2/ /locations/;
/bristol-square-studios/portfolio/large-plus-studio/ /buildings/king-square-studios/;
/bristol-square-studios/portfolio/standard-studio/ /locations/leicester/;
/bristol-square-studios/portfolio/common-area-4/ /locations/;
/bristol-square-studios/portfolio/common-area-3/ /locations/;
/bristol-square-studios/portfolio/twodio/ /buildings/king-square-studios/;
/bristol-square-studios/portfolio/large-plus-studio-2/ /buildings/king-square-studios/;
/bristol-square-studios/portfolio/standard-studio-3/ /buildings/king-square-studios/;
/bristol-square-studios/portfolio/standard-studio-2/ /buildings/king-square-studios/;
/bristol-square-studios/portfolio/standard-studio-4/ /buildings/king-square-studios/;
/coventry /buildings/king-square-studios/;
/bristol-square-studios/portfolio/games-area/ /buildings/king-square-studios/;
/bristol-square-studios/portfolio/cinema-room-2/ /buildings/king-square-studios/;
/bristol-square-studios/portfolio/twodio-kitchen-2/ /buildings/king-square-studios/;
/leicester/contact-us/ /buildings/king-square-studios/;
/oxford-the-mews/portfolio/lounge/ /buildings/king-square-studios/;
/newcastle/portfolio/deluxe-room-360-view/ /buildings/king-square-studios/;
/london-southwark/portfolio/dashwood-studios-residents/ /buildings/king-square-studios/;
/exeter/getting-ready-for-uni/ /buildings/king-square-studios/;
/manchester-ubs/testimonials/ /buildings/king-square-studios/;
/cambridge-cb1/portfolio/2613/ /buildings/king-square-studios/;
/oxford-the-mews/summer-stays/ /buildings/king-square-studios/;
/wolverhampton/wolverhampton-gallery/?cat=360 /buildings/king-square-studios/;
/blog/tag/landlord/ /buildings/king-square-studios/;
/blog/tag/landlord/page/2/ /buildings/king-square-studios/;
/bristol-square-studios/portfolio/common-area-2/ /buildings/king-square-studios/;
/sheffield/portfolio/ensuite-bathroom/ /buildings/king-square-studios/;
/london-southwark/london-southwark-gallery/?cat=dashwood-studios-gallery /buildings/king-square-studios/;
/partners/ /buildings/king-square-studios/;
/sheffield/portfolio/reception-360-view-2/ /locations/coventry/;
/student-accommodation-leicester/ /buildings/king-square-studios/;
/leicester/portfolio/facilities/ /buildings/king-square-studios/;
/dale-road/parent-guardian-information/ /buildings/king-square-studios/;
/grange-road/f-a-q/ /locations/leicester/;
/glasgow/testimonials/ /buildings/the-mews/;
/glasgow/experience-vh /locations/;
/blog/category/events/page/2/ /locations/london/;
/Glasgow-gallery /locations/exeter/;
/leicester/portfolio/external-view-1/ /locations/;
/wolverhampton/experience-vh-wolverhampton/ /buildings/cambridge-cb1/;
/gallery/ /buildings/the-mews/;
/chester-fontessa-house/portfolio/en-suite-studio/ /locations/;
/wolverhampton/testimonials/ /news/;
/blog/portfolio/leicester-the-glassworks/ /news/;
/blog/portfolio/woverhampton/ /buildings/king-square-studios/;
/blog/portfolio/newcastle-upon-tyne/ https://host-students.com/locations/sheffield/;
/blog/portfolio/manchester-upper-brook-st/ /locations/london/;
/blog/portfolio/birmingham-phase-1-2/ /partners/;
/blog/portfolio/sheffield/ https://host-students.com/locations/sheffield/;
/blog/portfolio/coventry/ /locations/;
/blog/portfolio/london-one-penrhyn-road/ /locations/leicester/;
/blog/portfolio/london-the-hub/ /locations/leicester/;
/blog/portfolio/liverpool/ /locations/;
/blog/portfolio/glasgow/ /locations/;
/wolverhampton/how-to-videos/ /locations/;
/blog/portfolio/liverpool-hope-street/ /locations/;
/blog/portfolio/manchester-higher-cambridge-st/ /locations/;
/blog/portfolio/nottingham/ /news/;
/blog/portfolio/cardiff-shand-house/ /locations/;
/blog/portfolio/leicester/ /locations/leicester/;
/blog/portfolio/oxford-the-mews/ /locations/;
/blog/portfolio/chester-fontessa-house/ /;
/blog/portfolio/cardiff/ /buildings/fontessa-house/;
/blog/portfolio/london-kings-cross/ /locations/;
/blog/portfolio/london-paul-st-east/ /news/;
/blog/portfolio/london-dashwood-studios/ /news/;
/blog/portfolio/birmingham-phase-3/ /news/;
/blog/portfolio/nottingham-lace-market-studios/ /news/;
/blog/portfolio/plymouth-the-old-dairy/ /news/;
/blog/portfolio/exeter-the-printworks/ /news/;
/blog/portfolio/london-the-hive/ /news/;
/liverpool/portfolio/deluxe-room-2-360-view/ /news/;
/blog/portfolio/plymouth-frobisher-house/ /news/;
/blog/portfolio/cambridge-cb1/ /news/;
/blog/portfolio/london-wembley-2/ /news/;
/glasgow /locations/;
/hope-street/portfolio/penthouse/ /news/;
/liverpool/portfolio/courtyard-2-360-view/ /news/;
/newcastle/testimonials/ /news/;
/chester-fontessa-house/portfolio/en-suite-studio-7/ /news/;
/blog/how-to-survive-freshers-flu/ /news/;
/blog/tag/victoria-hall/page/3/ /news/;
/sheffield/parent-guardian-information/ /news/;
/student-accommodation-manchester /news/;
/hope-street/parent-guardian-information/ /news/;
/housing-hand-guarantor-scheme-in-partnership-with-victoria-hall/ /news/;
/glasgow/summer-stays/ /news/;
/manchester-ubs/summer-stays/ /news/;
/blog/international-students-in-the-uk/ /news/;
/exeter/careers/ /news/;
/News/ /news/;
/dale-road/experience-vh/ /news/;
/nottingham/ils-english/ /locations/liverpool/;
/News/page/2/ /news/;
/blog/author/fernando/ /news/;
/News/page/3/ /news/;
/chester-fontessa-house/portfolio/en-suite-studio-6/ /locations/;
/News/page/4/ /buildings/hope-street/;
/cardiff/gallery/ /locations/liverpool/;
/manchester-ubs/f-a-q/ /locations/;
/News/page/5/ /buildings/fontessa-house/;
/cardiff/portfolio/silver-room/ /news/;
/cardiff/portfolio/main-building/ /news/;
/cardiff/portfolio/laundry/ https://host-students.com/locations/sheffield/;
/cardiff/portfolio/gold-room/ /locations/;
/cardiff/portfolio/reception-2/ /buildings/hope-street/;
/News/page/6/ /news/;
/cardiff/portfolio/bicycle-parking-area/ /locations/;
/cardiff/portfolio/communal-kitchen/ /locations/;
/News/page/7/ /news/;
/newcastle/contact-us/ /locations/exeter/;
/News/page/8/ /news/;
/cambridge-cb1/portfolio/en-suite-room-2/ /locations/;
/News/page/9/ /locations/nottingham/;
/glasgow/living-in-glasgow/ /news/;
/chester-fontessa-house/chester-gallery/?cat=chester-galley /news/;
/nottingham/portfolio/single-room/ /news/;
/Manchester-hcs/how-to-videos /news/;
/Nottingham/virtual-tour/ /news/;
/chester-fontessa-house/portfolio/en-suite-studio-5/ /buildings/fontessa-house/;
/Manchester-hcs/how-to-videos/ /news/;
/nottingham/portfolio/reception-360-view/ /news/;
/nottingham/portfolio/courtyard-360-view/ /locations/cardiff/;
/nottingham/portfolio/ensuite-360-view/ /locations/;
/nottingham/portfolio/hallway-360-view/ /news/;
/nottingham/portfolio/living-area-kitchen-360-view/ /news/;
/nottingham/portfolio/laundrette-360-view/ /locations/cardiff/;
/nottingham/portfolio/deluxe-room/ /locations/cardiff/;
/nottingham/portfolio/living-area-360-view/ /locations/cardiff/;
/nottingham/portfolio/standard-room/ /news/;
/bristol-square-studios/getting-ready-for-uni/ /locations/cardiff/;